2026-07-14 14:56:49,561 INFO Generated output/R1.cfg
2026-07-14 14:56:49,573 INFO Connected (version 2.0, client Cisco-1.25)
2026-07-14 14:56:50,100 INFO Authentication (password) successful!
2026-07-14 14:56:51,436 INFO Validation passed: R1
2026-07-14 14:56:51,437 INFO Generated output/R2.cfg
2026-07-14 14:56:51,448 INFO Connected (version 2.0, client Cisco-1.25)
2026-07-14 14:56:51,971 INFO Authentication (password) successful!
2026-07-14 14:56:53,487 INFO Validation passed: R2
2026-07-14 14:56:53,488 INFO Generated output/R3.cfg
2026-07-14 14:56:53,499 INFO Connected (version 2.0, client Cisco-1.25)
2026-07-14 14:56:54,028 INFO Authentication (password) successful!
2026-07-14 14:56:55,403 INFO Validation passed: R3
2026-07-14 14:57:50,104 INFO Generated output/R1.cfg
2026-07-14 14:57:50,116 INFO Connected (version 2.0, client Cisco-1.25)
2026-07-14 14:57:50,646 INFO Authentication (password) successful!
2026-07-14 14:57:51,926 INFO Validation passed: R1
2026-07-14 14:57:51,928 INFO Generated output/R2.cfg
2026-07-14 14:57:51,937 INFO Connected (version 2.0, client Cisco-1.25)
2026-07-14 14:57:52,468 INFO Authentication (password) successful!
2026-07-14 14:57:54,016 INFO Validation passed: R2
2026-07-14 14:57:54,017 INFO Generated output/R3.cfg
2026-07-14 14:57:54,028 INFO Connected (version 2.0, client Cisco-1.25)
2026-07-14 14:57:54,550 INFO Authentication (password) successful!
2026-07-14 14:57:55,907 INFO Validation passed: R3
2026-07-14 14:58:24,091 INFO Generated output/R1.cfg
2026-07-14 14:58:24,102 INFO Connected (version 2.0, client Cisco-1.25)
2026-07-14 14:58:24,611 INFO Authentication (password) successful!
2026-07-14 14:58:25,912 INFO Validation passed: R1
2026-07-14 14:58:25,913 INFO Generated output/R2.cfg
2026-07-14 14:58:25,924 INFO Connected (version 2.0, client Cisco-1.25)
2026-07-14 14:58:26,454 INFO Authentication (password) successful!
2026-07-14 14:58:27,959 INFO Validation passed: R2
2026-07-14 14:58:27,960 INFO Generated output/R3.cfg
2026-07-14 14:58:27,972 INFO Connected (version 2.0, client Cisco-1.25)
2026-07-14 14:58:28,503 INFO Authentication (password) successful!
2026-07-14 14:58:29,811 INFO Validation passed: R3
2026-07-14 14:59:00,501 INFO Generated output/R1.cfg
2026-07-14 14:59:00,512 INFO Connected (version 2.0, client Cisco-1.25)
2026-07-14 14:59:01,031 INFO Authentication (password) successful!
2026-07-14 14:59:02,295 INFO Validation passed: R1
2026-07-14 14:59:02,297 INFO Generated output/R2.cfg
2026-07-14 14:59:02,307 INFO Connected (version 2.0, client Cisco-1.25)
2026-07-14 14:59:02,823 INFO Authentication (password) successful!
2026-07-14 14:59:04,340 INFO Validation passed: R2
2026-07-14 14:59:04,341 INFO Generated output/R3.cfg
2026-07-14 14:59:04,352 INFO Connected (version 2.0, client Cisco-1.25)
2026-07-14 14:59:04,881 INFO Authentication (password) successful!
2026-07-14 14:59:06,236 INFO Validation passed: R3
2026-07-14 14:59:36,783 INFO Generated output/R1.cfg
2026-07-14 14:59:36,795 INFO Connected (version 2.0, client Cisco-1.25)
2026-07-14 14:59:37,317 INFO Authentication (password) successful!
2026-07-14 14:59:38,608 INFO Validation passed: R1
2026-07-14 14:59:38,610 INFO Generated output/R2.cfg
2026-07-14 14:59:38,620 INFO Connected (version 2.0, client Cisco-1.25)
2026-07-14 14:59:39,140 INFO Authentication (password) successful!
2026-07-14 14:59:40,681 INFO Validation passed: R2
2026-07-14 14:59:40,682 INFO Generated output/R3.cfg
2026-07-14 14:59:40,693 INFO Connected (version 2.0, client Cisco-1.25)
2026-07-14 14:59:41,221 INFO Authentication (password) successful!
2026-07-14 14:59:42,530 INFO Validation passed: R3
2026-07-17 15:15:47,073 INFO Generated output/R1.cfg
2026-07-17 15:15:47,087 INFO Connected (version 2.0, client Cisco-1.25)
2026-07-17 15:15:47,642 INFO Authentication (password) successful!
2026-07-17 15:15:48,995 INFO Validation passed: R1
2026-07-17 15:15:48,995 INFO Generated output/R1.cfg
2026-07-17 15:16:38,134 INFO Generated output/R1.cfg
2026-07-17 15:16:38,146 INFO Connected (version 2.0, client Cisco-1.25)
2026-07-17 15:16:38,674 INFO Authentication (password) successful!
2026-07-17 15:16:39,999 INFO Validation passed: R1
2026-07-17 15:16:39,999 INFO Generated output/R1.cfg
2026-07-17 15:17:36,791 INFO Generated output/R1.cfg
2026-07-17 15:17:36,804 INFO Connected (version 2.0, client Cisco-1.25)
2026-07-17 15:17:37,338 INFO Authentication (password) successful!
2026-07-17 15:17:38,649 INFO Validation passed: R1
2026-07-17 15:17:38,649 INFO Generated output/R1.cfg
2026-07-17 15:23:23,668 INFO Generated output/R1.cfg
2026-07-17 15:23:23,681 INFO Connected (version 2.0, client Cisco-1.25)
2026-07-17 15:23:24,214 INFO Authentication (password) successful!
2026-07-17 15:23:25,503 INFO Validation passed: R1
2026-07-17 15:23:25,503 INFO Generated output/R1.cfg
2026-07-17 15:24:00,998 INFO Generated output/R1.cfg
2026-07-17 15:24:01,010 INFO Connected (version 2.0, client Cisco-1.25)
2026-07-17 15:24:01,528 INFO Authentication (password) successful!
2026-07-17 15:24:02,819 INFO Validation passed: R1
2026-07-17 15:24:02,819 INFO Generated output/R1.cfg
2026-07-17 15:24:53,915 INFO Generated output/R1.cfg
2026-07-17 15:24:53,923 INFO Connected (version 2.0, client Cisco-1.25)
2026-07-17 15:24:54,451 INFO Authentication (password) successful!
2026-07-17 15:24:55,753 INFO Validation passed: R1
2026-07-17 15:24:55,753 INFO Generated output/R1.cfg
2026-07-17 15:25:45,231 INFO Generated output/R1.cfg
2026-07-17 15:25:45,242 INFO Connected (version 2.0, client Cisco-1.25)
2026-07-17 15:25:45,765 INFO Authentication (password) successful!
2026-07-17 15:25:47,077 INFO Validation passed: R1
2026-07-17 15:25:47,077 INFO Generated output/R1.cfg
2026-07-17 15:27:16,533 INFO Generated output/R1.cfg
2026-07-17 15:27:16,544 INFO Connected (version 2.0, client Cisco-1.25)
2026-07-17 15:27:17,069 INFO Authentication (password) successful!
2026-07-17 15:27:18,464 INFO Validation passed: R1
2026-07-17 15:27:18,464 INFO Generated output/R1.cfg
2026-07-17 15:28:09,944 INFO Generated output/R1.cfg
2026-07-17 15:28:09,955 INFO Connected (version 2.0, client Cisco-1.25)
2026-07-17 15:28:10,481 INFO Authentication (password) successful!
2026-07-17 15:28:11,920 INFO Validation passed: R1
2026-07-17 15:28:11,920 INFO Generated output/R1.cfg
2026-07-17 15:28:11,922 INFO Generated output/R2.cfg
2026-07-17 15:28:11,933 INFO Connected (version 2.0, client Cisco-1.25)
2026-07-17 15:28:12,459 INFO Authentication (password) successful!
2026-07-17 15:28:14,170 INFO Validation passed: R2
2026-07-17 15:28:14,170 INFO Generated output/R2.cfg
2026-07-17 15:28:14,172 INFO Generated output/R3.cfg
2026-07-17 15:28:14,180 INFO Connected (version 2.0, client Cisco-1.25)
2026-07-17 15:28:14,707 INFO Authentication (password) successful!
2026-07-17 15:28:16,238 INFO Validation passed: R3
2026-07-17 15:28:16,238 INFO Generated output/R3.cfg
2026-07-17 15:30:20,629 INFO Generated output/R1.cfg
2026-07-17 15:30:20,642 INFO Connected (version 2.0, client Cisco-1.25)
2026-07-17 15:30:21,162 INFO Authentication (password) successful!
2026-07-17 15:30:22,600 INFO Validation passed: R1
2026-07-17 15:30:22,600 INFO Generated output/R1.cfg
2026-07-17 15:30:22,602 INFO Generated output/R2.cfg
2026-07-17 15:30:22,613 INFO Connected (version 2.0, client Cisco-1.25)
2026-07-17 15:30:23,144 INFO Authentication (password) successful!
2026-07-17 15:30:24,797 INFO Validation passed: R2
2026-07-17 15:30:24,797 INFO Generated output/R2.cfg
2026-07-17 15:30:24,798 INFO Generated output/R3.cfg
2026-07-17 15:30:24,810 INFO Connected (version 2.0, client Cisco-1.25)
2026-07-17 15:30:25,341 INFO Authentication (password) successful!
2026-07-17 15:30:26,826 INFO Validation passed: R3
2026-07-17 15:30:26,826 INFO Generated output/R3.cfg
2026-07-17 15:58:00,485 INFO Generated output/R1.cfg
2026-07-17 15:58:00,497 INFO Connected (version 2.0, client Cisco-1.25)
2026-07-17 15:58:01,024 INFO Authentication (password) successful!
2026-07-17 15:58:02,421 INFO Validation passed: R1
2026-07-17 15:58:02,421 INFO Generated output/R1.cfg
2026-07-17 15:58:02,422 INFO Generated output/R2.cfg
2026-07-17 15:58:02,433 INFO Connected (version 2.0, client Cisco-1.25)
2026-07-17 15:58:02,955 INFO Authentication (password) successful!
2026-07-17 15:58:04,569 INFO Validation passed: R2
2026-07-17 15:58:04,569 INFO Generated output/R2.cfg
2026-07-17 15:58:04,570 INFO Generated output/R3.cfg
2026-07-17 15:58:04,581 INFO Connected (version 2.0, client Cisco-1.25)
2026-07-17 15:58:05,316 INFO Authentication (password) successful!
2026-07-17 15:58:06,752 INFO Validation passed: R3
2026-07-17 15:58:06,753 INFO Generated output/R3.cfg
2026-07-17 15:59:04,907 INFO Generated output/R1.cfg
2026-07-17 15:59:04,918 INFO Connected (version 2.0, client Cisco-1.25)
2026-07-17 15:59:05,447 INFO Authentication (password) successful!
2026-07-17 15:59:06,856 INFO Validation passed: R1
2026-07-17 15:59:06,856 INFO Generated output/R1.cfg
2026-07-17 15:59:06,858 INFO Generated output/R2.cfg
2026-07-17 15:59:06,868 INFO Connected (version 2.0, client Cisco-1.25)
2026-07-17 15:59:07,400 INFO Authentication (password) successful!
2026-07-17 15:59:09,065 INFO Validation passed: R2
2026-07-17 15:59:09,065 INFO Generated output/R2.cfg
2026-07-17 15:59:09,066 INFO Generated output/R3.cfg
2026-07-17 15:59:09,076 INFO Connected (version 2.0, client Cisco-1.25)
2026-07-17 15:59:09,608 INFO Authentication (password) successful!
2026-07-17 15:59:11,047 INFO Validation passed: R3
2026-07-17 15:59:11,047 INFO Generated output/R3.cfg
2026-07-17 15:59:41,112 INFO Generated output/R1.cfg
2026-07-17 15:59:41,126 INFO Connected (version 2.0, client Cisco-1.25)
2026-07-17 15:59:41,656 INFO Authentication (password) successful!
2026-07-17 15:59:43,069 INFO Validation passed: R1
2026-07-17 15:59:43,070 INFO Generated output/R1.cfg
2026-07-17 15:59:43,071 INFO Generated output/R2.cfg
2026-07-17 15:59:43,081 INFO Connected (version 2.0, client Cisco-1.25)
2026-07-17 15:59:43,600 INFO Authentication (password) successful!
2026-07-17 15:59:45,260 INFO Validation passed: R2
2026-07-17 15:59:45,260 INFO Generated output/R2.cfg
2026-07-17 15:59:45,261 INFO Generated output/R3.cfg
2026-07-17 15:59:45,272 INFO Connected (version 2.0, client Cisco-1.25)
2026-07-17 15:59:45,798 INFO Authentication (password) successful!
2026-07-17 15:59:47,224 INFO Validation passed: R3
2026-07-17 15:59:47,225 INFO Generated output/R3.cfg
2026-07-17 16:05:36,187 INFO Generated output/R1.cfg
2026-07-17 16:05:36,199 INFO Connected (version 2.0, client Cisco-1.25)
2026-07-17 16:05:36,732 INFO Authentication (password) successful!
2026-07-17 16:05:38,167 INFO Validation passed: R1
2026-07-17 16:05:38,167 INFO Generated output/R1.cfg
2026-07-17 16:05:38,168 INFO Generated output/R2.cfg
2026-07-17 16:05:38,178 INFO Connected (version 2.0, client Cisco-1.25)
2026-07-17 16:05:38,700 INFO Authentication (password) successful!
2026-07-17 16:05:40,372 INFO Validation passed: R2
2026-07-17 16:05:40,373 INFO Generated output/R2.cfg
2026-07-17 16:05:40,373 INFO Generated output/R3.cfg
2026-07-17 16:05:40,385 INFO Connected (version 2.0, client Cisco-1.25)
2026-07-17 16:05:40,916 INFO Authentication (password) successful!
2026-07-17 16:05:42,365 INFO Validation passed: R3
2026-07-17 16:05:42,365 INFO Generated output/R3.cfg
2026-07-17 17:05:07,434 INFO Generated output/R1.cfg
2026-07-17 17:05:07,446 INFO Connected (version 2.0, client Cisco-1.25)
2026-07-17 17:05:07,957 INFO Authentication (password) successful!
2026-07-17 17:05:09,360 INFO Validation passed: R1
2026-07-17 17:05:09,360 INFO Generated output/R1.cfg
2026-07-17 17:05:09,362 INFO Generated output/R2.cfg
2026-07-17 17:05:09,372 INFO Connected (version 2.0, client Cisco-1.25)
2026-07-17 17:05:09,902 INFO Authentication (password) successful!
2026-07-17 17:05:11,583 INFO Validation passed: R2
2026-07-17 17:05:11,583 INFO Generated output/R2.cfg
2026-07-17 17:05:11,584 INFO Generated output/R3.cfg
2026-07-17 17:05:11,592 INFO Connected (version 2.0, client Cisco-1.25)
2026-07-17 17:05:12,119 INFO Authentication (password) successful!
2026-07-17 17:05:13,570 INFO Validation passed: R3
2026-07-17 17:05:13,570 INFO Generated output/R3.cfg
2026-07-25 16:16:43,327 INFO Generated output/R1.cfg
2026-07-25 16:16:43,338 INFO Connected (version 2.0, client Cisco-1.25)
2026-07-25 16:16:43,867 INFO Authentication (password) successful!
2026-07-25 16:16:45,315 INFO Validation passed: R1
2026-07-25 16:16:45,315 INFO Generated output/R1.cfg
2026-07-25 16:16:45,317 INFO Generated output/R2.cfg
2026-07-25 16:16:45,327 INFO Connected (version 2.0, client Cisco-1.25)
2026-07-25 16:16:45,846 INFO Authentication (password) successful!
2026-07-25 16:16:47,612 INFO Validation passed: R2
2026-07-25 16:16:47,612 INFO Generated output/R2.cfg
2026-07-25 16:16:47,614 INFO Generated output/R3.cfg
2026-07-25 16:16:47,626 INFO Connected (version 2.0, client Cisco-1.25)
2026-07-25 16:16:48,159 INFO Authentication (password) successful!
2026-07-25 16:16:49,636 INFO Validation passed: R3
2026-07-25 16:16:49,636 INFO Generated output/R3.cfg
2026-07-25 22:34:57,353 INFO Response.status_code: 200
2026-07-25 22:35:09,634 INFO Response.status_code: 201
2026-07-25 22:35:34,744 ERROR HTTP request failed: HTTPSConnectionPool(host='jsonplaceholder.typicode.com', port=443): Max retries exceeded with url: /posts (Caused by ConnectTimeoutError(<HTTPSConnection(host='jsonplaceholder.typicode.com', port=443) at 0x7340ddbcce80>, 'Connection to jsonplaceholder.typicode.com timed out. (connect timeout=0.001)'))
2026-07-25 22:35:40,510 ERROR HTTP request failed: HTTPSConnectionPool(host='jsonplaceholder.typicode.com', port=443): Max retries exceeded with url: /posts/1 (Caused by ConnectTimeoutError(<HTTPSConnection(host='jsonplaceholder.typicode.com', port=443) at 0x71fe44798e50>, 'Connection to jsonplaceholder.typicode.com timed out. (connect timeout=0.001)'))
2026-07-25 22:41:00,446 INFO Sending GET request to https://jsonplaceholder.typicode.com/posts/1
2026-07-25 22:41:02,978 INFO Sending POST request to https://jsonplaceholder.typicode.com/posts
2026-07-25 22:42:56,214 INFO Sending POST request to https://jsonplaceholder.typicode.com/posts
2026-07-25 22:42:56,652 INFO Http Success: 201
2026-07-25 22:42:58,223 INFO Sending GET request to https://jsonplaceholder.typicode.com/posts/1
2026-07-25 22:42:58,358 INFO Http Success: 200
2026-07-25 22:43:54,071 INFO Sending GET request to https://jsonplaceholder.typicode.com/posts/1
2026-07-25 22:43:54,231 INFO Response.status_code: 200
2026-07-25 22:44:16,740 INFO Sending GET request to https://jsonplaceholder.typicode.com/posts/1
2026-07-25 22:44:16,747 ERROR HTTP request failed: HTTPSConnectionPool(host='jsonplaceholder.typicode.com', port=443): Max retries exceeded with url: /posts/1 (Caused by ConnectTimeoutError(<HTTPSConnection(host='jsonplaceholder.typicode.com', port=443) at 0x78d804a4ce50>, 'Connection to jsonplaceholder.typicode.com timed out. (connect timeout=0.001)'))
2026-07-25 22:50:05,200 INFO Sending GET request to https://jsonplaceholder.typicode.com/posts/1
2026-07-25 22:50:05,367 INFO Response.status_code: 200
2026-07-25 22:50:06,788 INFO Sending POST request to https://jsonplaceholder.typicode.com/posts
2026-07-25 22:50:07,229 INFO Response.status_code: 201
2026-07-25 23:16:35,774 INFO Sending POST request to https://jsonplaceholder.typicode.com/posts
2026-07-25 23:16:36,247 INFO Response.status_code: 201
2026-07-25 23:48:01,454 INFO Sending POST request to https://jsonplaceholder.typicode.com
2026-07-25 23:48:01,934 INFO Response.status_code: 404
2026-07-25 23:48:01,934 ERROR Http Error: 404
2026-07-25 23:49:30,606 INFO Sending POST request to https://jsonplaceholder.typicode.com/posts
2026-07-25 23:49:31,048 INFO Response.status_code: 201
2026-07-25 23:55:26,415 INFO Sending POST request to https://jsonplaceholder.typicode.com/posts
2026-07-25 23:55:26,888 INFO Response.status_code: 201
2026-07-25 23:57:06,902 INFO Sending POST request to https://jsonplaceholder.typicode.com/posts
2026-07-25 23:57:07,343 INFO Response.status_code: 201
2026-07-25 23:58:26,122 INFO Sending POST request to /
2026-07-25 23:58:26,565 INFO Response.status_code: 201
2026-07-25 23:58:52,978 INFO Sending POST request to /posts
2026-07-25 23:58:53,224 INFO Response.status_code: 201
2026-07-25 23:59:19,739 INFO Sending POST request to /posts
2026-07-25 23:59:19,976 INFO Response.status_code: 201
2026-07-26 00:00:28,025 INFO Sending POST request to https://jsonplaceholder.typicode.com/posts
2026-07-26 00:00:28,088 ERROR HTTP request failed: HTTPSConnectionPool(host='jsonplaceholder.typicode.comhttps', port=443): Max retries exceeded with url: //jsonplaceholder.typicode.com/posts (Caused by NameResolutionError("HTTPSConnection(host='jsonplaceholder.typicode.comhttps', port=443): Failed to resolve 'jsonplaceholder.typicode.comhttps' ([Errno -2] Name or service not known)"))
2026-07-26 00:00:39,169 INFO Sending GET request to https://jsonplaceholder.typicode.comhttps://jsonplaceholder.typicode.com/posts/1
2026-07-26 00:00:39,187 ERROR HTTP request failed: HTTPSConnectionPool(host='jsonplaceholder.typicode.comhttps', port=443): Max retries exceeded with url: //jsonplaceholder.typicode.comhttps://jsonplaceholder.typicode.com/posts/1 (Caused by NameResolutionError("HTTPSConnection(host='jsonplaceholder.typicode.comhttps', port=443): Failed to resolve 'jsonplaceholder.typicode.comhttps' ([Errno -2] Name or service not known)"))
2026-07-26 00:05:50,193 INFO Sending POST request to https://jsonplaceholder.typicode.com/posts
2026-07-26 00:05:50,705 INFO Response.status_code: 201
2026-07-26 00:05:52,909 INFO Sending GET request to https://jsonplaceholder.typicode.comhttps://jsonplaceholder.typicode.com/posts/1
2026-07-26 00:05:52,927 ERROR HTTP request failed: HTTPSConnectionPool(host='jsonplaceholder.typicode.comhttps', port=443): Max retries exceeded with url: //jsonplaceholder.typicode.com/posts/1 (Caused by NameResolutionError("HTTPSConnection(host='jsonplaceholder.typicode.comhttps', port=443): Failed to resolve 'jsonplaceholder.typicode.comhttps' ([Errno -2] Name or service not known)"))
2026-07-26 00:06:25,868 INFO Sending GET request to https://jsonplaceholder.typicode.com/posts/1
2026-07-26 00:06:25,998 INFO Response.status_code: 200
2026-07-26 00:06:29,080 INFO Sending POST request to https://jsonplaceholder.typicode.com/posts
2026-07-26 00:06:29,324 INFO Response.status_code: 201
2026-07-26 12:04:46,558 INFO Sending GET request to https://jsonplaceholder.typicode.com/posts/1
2026-07-26 12:04:46,763 INFO Response.status_code: 200
2026-07-26 12:28:22,261 INFO Sending GET request to https://jsonplaceholder.typicode.com/posts/1
2026-07-26 12:28:22,426 INFO Response.status_code: 200
2026-07-26 12:28:28,214 INFO Sending POST request to https://jsonplaceholder.typicode.com/posts
2026-07-26 12:28:28,664 INFO Response.status_code: 201
2026-07-26 12:37:59,964 INFO Sending POST request to https://jsonplaceholder.typicode.com/posts
2026-07-26 12:38:00,448 INFO Response.status_code: 201
2026-07-26 12:39:41,175 INFO Sending POST request to https://jsonplaceholder.typicode.com/posts
2026-07-26 12:39:41,641 INFO Response.status_code: 201
2026-07-26 12:43:23,515 INFO Sending POST request to https://jsonplaceholder.typicode.com/posts
2026-07-26 12:43:24,062 INFO Response.status_code: 201
2026-07-26 12:43:26,321 INFO Sending GET request to https://jsonplaceholder.typicode.com/posts
2026-07-26 12:43:26,453 INFO Response.status_code: 200
2026-07-26 12:43:37,273 INFO Sending GET request to https://jsonplaceholder.typicode.com/posts
2026-07-26 12:43:37,403 INFO Response.status_code: 200
2026-07-27 09:50:53,104 INFO Sending GET request to https://jsonplaceholder.typicode.com/posts
2026-07-27 09:50:53,278 INFO Response.status_code: 200
2026-07-27 09:51:30,983 INFO Sending GET request to https://jsonplaceholder.typicode.com/posts
2026-07-27 09:51:31,141 INFO Response.status_code: 200
2026-07-27 09:51:51,122 INFO Sending GET request to https://jsonplaceholder.typicode.com/posts
2026-07-27 09:51:51,256 INFO Response.status_code: 200
2026-07-27 09:52:13,713 INFO Sending GET request to https://jsonplaceholder.typicode.com/posts
2026-07-27 09:52:13,847 INFO Response.status_code: 200
2026-07-27 09:52:26,777 INFO Sending GET request to https://jsonplaceholder.typicode.com/posts
2026-07-27 09:52:26,905 INFO Response.status_code: 200
2026-07-27 09:52:56,964 INFO Sending GET request to https://jsonplaceholder.typicode.com/posts
2026-07-27 09:52:57,093 INFO Response.status_code: 200
2026-07-27 09:54:58,449 INFO Sending GET request to https://jsonplaceholder.typicode.com/posts
2026-07-27 09:54:58,612 INFO Response.status_code: 200
2026-07-27 09:55:13,664 INFO Sending GET request to https://jsonplaceholder.typicode.com/posts
2026-07-27 09:55:13,803 INFO Response.status_code: 200
2026-07-27 09:55:33,838 INFO Sending GET request to https://jsonplaceholder.typicode.com/posts
2026-07-27 09:55:33,970 INFO Response.status_code: 200
2026-07-27 09:56:10,301 INFO Sending GET request to https://jsonplaceholder.typicode.com/posts
2026-07-27 09:56:10,464 INFO Response.status_code: 200
2026-07-27 09:58:51,256 INFO Sending GET request to https://jsonplaceholder.typicode.com/posts/1
2026-07-27 09:58:51,439 INFO Response.status_code: 200
2026-07-27 10:00:27,086 INFO Sending GET request to https://jsonplaceholder.typicode.com/posts/1
2026-07-27 10:00:27,219 INFO Response.status_code: 200
2026-07-27 10:15:48,574 INFO Sending GET request to https://jsonplaceholder.typicode.com/posts/1
2026-07-27 10:15:48,741 INFO Response.status_code: 200
2026-07-27 10:16:21,684 INFO Sending GET request to https://jsonplaceholder.typicode.com/posts/1
2026-07-27 10:16:21,820 INFO Response.status_code: 200
2026-07-27 10:20:56,905 INFO Sending GET request to https://jsonplaceholder.typicode.com/posts/1
2026-07-27 10:20:57,067 INFO Response.status_code: 200
2026-07-27 10:21:08,981 INFO Sending GET request to https://jsonplaceholder.typicode.com/posts/1
2026-07-27 10:21:09,114 INFO Response.status_code: 200
2026-07-27 10:23:50,375 INFO Sending GET request to https://jsonplaceholder.typicode.com/posts/1
2026-07-27 10:23:50,541 INFO Response.status_code: 200
2026-07-27 10:24:15,660 INFO Sending GET request to https://jsonplaceholder.typicode.com/posts/1
2026-07-27 10:24:15,818 INFO Response.status_code: 200
2026-07-27 10:34:17,080 INFO Sending POST request to https://jsonplaceholder.typicode.com/posts
2026-07-27 10:34:17,555 INFO Response.status_code: 201
2026-07-27 10:34:42,056 INFO Sending POST request to https://jsonplaceholder.typicode.com/posts
2026-07-27 10:34:42,293 INFO Response.status_code: 201
2026-07-27 10:40:26,587 INFO Sending GET request to https://jsonplaceholder.typicode.com/posts/1
2026-07-27 10:40:26,748 INFO Response.status_code: 200
2026-07-27 10:40:44,655 INFO Sending GET request to https://jsonplaceholder.typicode.com/posts/1
2026-07-27 10:40:44,822 INFO Response.status_code: 200
2026-07-27 10:40:51,332 INFO Sending GET request to https://jsonplaceholder.typicode.com/posts/1
2026-07-27 10:40:51,459 INFO Response.status_code: 200
2026-07-27 10:40:57,591 INFO Sending POST request to https://jsonplaceholder.typicode.com/posts
2026-07-27 10:40:58,031 INFO Response.status_code: 201
2026-07-27 10:41:10,439 INFO Sending POST request to https://jsonplaceholder.typicode.com/posts
2026-07-27 10:41:10,680 INFO Response.status_code: 201
2026-07-27 10:49:22,007 INFO Sending GET request to https://jsonplaceholder.typicode.com/device
2026-07-27 10:49:22,506 INFO Response.status_code: 404
2026-07-27 10:49:22,506 ERROR Http Error: 404
2026-07-27 10:49:52,322 INFO Sending GET request to https://jsonplaceholder.typicode.com/device
2026-07-27 10:49:52,450 INFO Response.status_code: 404
2026-07-27 10:49:52,451 ERROR Http Error: 404
2026-07-27 10:50:42,531 INFO Sending GET request to https://jsonplaceholder.typicode.com/device
2026-07-27 10:50:42,686 INFO Response.status_code: 404
2026-07-27 10:50:42,686 ERROR Http Error: 404
2026-07-27 10:50:59,964 INFO Sending GET request to https://jsonplaceholder.typicode.com/device
2026-07-27 10:51:00,088 INFO Response.status_code: 404
2026-07-27 10:51:00,088 ERROR Http Error: 404
2026-07-27 10:51:12,240 INFO Sending GET request to https://jsonplaceholder.typicode.com/device
2026-07-27 10:51:12,377 INFO Response.status_code: 404
2026-07-27 10:51:12,377 ERROR Http Error: 404
2026-07-27 10:56:22,003 INFO Sending GET request to https://jsonplaceholder.typicode.com/device
2026-07-27 10:56:22,171 INFO Response.status_code: 404
2026-07-27 10:56:22,171 ERROR Http Error: 404
2026-07-27 11:26:39,453 INFO Sending GET request to https://jsonplaceholder.typicode.com/device
2026-07-27 11:26:39,639 INFO Response.status_code: 404
2026-07-27 11:26:39,639 ERROR Http Error: 404
2026-07-27 11:29:32,984 INFO Sending GET request to https://jsonplaceholder.typicode.com/device
2026-07-27 11:29:33,138 INFO Response.status_code: 404
2026-07-27 11:29:33,138 ERROR Http Error: 404
2026-07-27 11:30:39,210 INFO Sending GET request to https://jsonplaceholder.typicode.com/device
2026-07-27 11:30:39,368 INFO Response.status_code: 404
2026-07-27 11:30:39,368 ERROR Http Error: 404
2026-07-27 11:30:47,538 INFO Sending GET request to https://jsonplaceholder.typicode.com/device
2026-07-27 11:30:47,673 INFO Response.status_code: 404
2026-07-27 11:30:47,673 ERROR Http Error: 404
2026-07-27 11:30:57,635 INFO Sending GET request to https://jsonplaceholder.typicode.com/device
2026-07-27 11:30:57,762 INFO Response.status_code: 404
2026-07-27 11:30:57,762 ERROR Http Error: 404
2026-07-27 11:31:20,392 INFO Sending GET request to https://jsonplaceholder.typicode.com/device
2026-07-27 11:31:20,529 INFO Response.status_code: 404
2026-07-27 11:31:20,529 ERROR Http Error: 404
2026-07-27 11:41:18,087 INFO Sending GET request to https://jsonplaceholder.typicode.com/device
2026-07-27 11:41:18,278 INFO Response.status_code: 404
2026-07-27 11:41:18,278 ERROR Http Error: 404
2026-07-27 11:44:21,555 INFO Sending GET request to https://jsonplaceholder.typicode.com/post/1
2026-07-27 11:44:22,048 INFO Response.status_code: 404
2026-07-27 11:44:22,048 ERROR Http Error: 404
2026-07-27 11:44:42,965 INFO Sending POST request to https://jsonplaceholder.typicode.com/posts
2026-07-27 11:44:43,421 INFO Response.status_code: 201
2026-07-27 11:45:14,274 INFO Sending GET request to https://jsonplaceholder.typicode.com/post/1
2026-07-27 11:45:14,410 INFO Response.status_code: 404
2026-07-27 11:45:14,410 ERROR Http Error: 404
2026-07-27 11:46:02,742 INFO Sending GET request to https://jsonplaceholder.typicode.com/posts/1
2026-07-27 11:46:02,870 INFO Response.status_code: 200
2026-07-29 15:14:52,307 INFO Sending GET request to https://jsonplaceholder.typicode.com/posts/1
2026-07-29 15:14:52,487 INFO Response.status_code: 200
2026-07-29 15:14:54,824 INFO Sending GET request to https://jsonplaceholder.typicode.com/posts/1
2026-07-29 15:14:54,970 INFO Response.status_code: 200
2026-07-29 15:16:25,813 INFO Sending GET request to https://jsonplaceholder.typicode.com/posts/1
2026-07-29 15:16:25,953 INFO Response.status_code: 200
2026-07-29 15:17:20,813 INFO Sending GET request to https://jsonplaceholder.typicode.com/posts/1
2026-07-29 15:17:20,984 INFO Response.status_code: 200
2026-07-29 15:17:27,212 INFO Sending GET request to https://jsonplaceholder.typicode.com/posts/1
2026-07-29 15:17:27,351 INFO Response.status_code: 200
2026-07-29 15:18:20,345 INFO Sending GET request to https://jsonplaceholder.typicode.com/posts/1
2026-07-29 15:18:20,487 INFO Response.status_code: 200
2026-07-29 15:18:28,554 INFO Sending GET request to https://jsonplaceholder.typicode.com/posts/1
2026-07-29 15:18:28,686 INFO Response.status_code: 200
2026-07-29 15:27:56,937 INFO Sending GET request to https://jsonplaceholder.typicode.com/posts/1
2026-07-29 15:27:57,107 INFO Response.status_code: 200
2026-07-29 15:29:31,501 INFO Sending GET request to https://jsonplaceholder.typicode.com/posts/1
2026-07-29 15:29:31,659 INFO Response.status_code: 200
2026-07-29 15:29:42,344 INFO Sending GET request to https://jsonplaceholder.typicode.com/posts/1
2026-07-29 15:29:42,481 INFO Response.status_code: 200
2026-07-29 15:30:20,861 INFO Sending GET request to https://jsonplaceholder.typicode.com/posts/1
2026-07-29 15:30:21,002 INFO Response.status_code: 200
2026-07-29 15:31:23,906 INFO Sending GET request to https://jsonplaceholder.typicode.com/posts/1
2026-07-29 15:31:24,068 INFO Response.status_code: 200
2026-07-29 15:31:36,331 INFO Sending GET request to https://jsonplaceholder.typicode.com/posts/1
2026-07-29 15:31:37,748 INFO Response.status_code: 200
2026-07-29 15:31:40,631 INFO Sending GET request to https://jsonplaceholder.typicode.com/posts/1
2026-07-29 15:31:40,762 INFO Response.status_code: 200
2026-07-29 15:32:13,305 INFO Sending GET request to https://jsonplaceholder.typicode.com/posts/1
2026-07-29 15:32:13,440 INFO Response.status_code: 200
2026-07-29 15:32:35,729 INFO Sending GET request to https://jsonplaceholder.typicode.com/posts/1
2026-07-29 15:32:35,861 INFO Response.status_code: 200
2026-07-29 15:33:13,764 INFO Sending GET request to https://jsonplaceholder.typicode.com/posts/1
2026-07-29 15:33:13,912 INFO Response.status_code: 200
2026-07-29 15:34:13,039 INFO Sending GET request to https://jsonplaceholder.typicode.com/posts/1
2026-07-29 15:34:13,205 INFO Response.status_code: 200
2026-07-29 15:38:21,984 INFO Sending GET request to https://jsonplaceholder.typicode.com/posts/1
2026-07-29 15:38:22,300 INFO Response.status_code: 200
2026-07-29 15:39:09,631 INFO Sending GET request to https://jsonplaceholder.typicode.com/posts/1
2026-07-29 15:39:09,771 INFO Response.status_code: 200
2026-07-29 15:39:55,407 INFO Sending GET request to https://jsonplaceholder.typicode.com/posts/1
2026-07-29 15:39:55,556 INFO Response.status_code: 200
2026-07-29 15:40:03,399 INFO Sending GET request to https://jsonplaceholder.typicode.com/posts/1
2026-07-29 15:40:03,537 INFO Response.status_code: 200
2026-07-29 15:41:07,074 INFO Sending GET request to https://jsonplaceholder.typicode.com/posts/1
2026-07-29 15:41:07,229 INFO Response.status_code: 200
2026-07-29 15:41:57,532 INFO Sending GET request to https://jsonplaceholder.typicode.com/posts/1
2026-07-29 15:41:57,666 INFO Response.status_code: 200
2026-07-29 15:42:21,795 INFO Sending GET request to https://jsonplaceholder.typicode.com/posts/1
2026-07-29 15:42:21,926 INFO Response.status_code: 200
2026-07-29 16:14:08,377 INFO Sending GET request to https://jsonplaceholder.typicode.com/posts/1
2026-07-29 16:14:08,557 INFO Response.status_code: 200
2026-07-29 16:16:11,477 INFO Sending GET request to https://jsonplaceholder.typicode.com/device?page=1
2026-07-29 16:16:11,974 INFO Response.status_code: 404
2026-07-29 16:16:11,974 ERROR Http Error: 404
2026-07-29 16:30:01,795 INFO Sending GET request to https://jsonplaceholder.typicode.com/device?page=1
2026-07-29 16:30:02,588 INFO Response.status_code: 404
2026-07-29 16:30:02,588 ERROR Http Error: 404
2026-07-29 16:41:11,895 INFO Sending GET request to https://jsonplaceholder.typicode.com/device
2026-07-29 16:41:12,406 INFO Response.status_code: 404
2026-07-29 16:41:12,406 ERROR Http Error: 404
2026-07-29 16:41:57,009 INFO Sending GET request to https://jsonplaceholder.typicode.com/device
2026-07-29 16:41:57,583 INFO Response.status_code: 404
2026-07-29 16:41:57,583 ERROR Http Error: 404
2026-07-29 16:54:47,255 INFO Sending GET request to https://jsonplaceholder.typicode.com/device
2026-07-29 16:54:47,418 INFO Response.status_code: 404
2026-07-29 16:54:47,418 ERROR Http Error: 404
2026-07-29 17:09:54,787 INFO Sending POST request to https://jsonplaceholder.typicode.com/device
2026-07-29 17:09:55,276 INFO Response.status_code: 404
2026-07-29 17:09:55,276 ERROR Http Error: 404
2026-07-29 17:10:34,837 INFO Sending POST request to https://jsonplaceholder.typicode.com/device
2026-07-29 17:10:35,111 INFO Response.status_code: 404
2026-07-29 17:10:35,111 ERROR Http Error: 404
